[sphinx.org.au/index.html]
[backblue.gif]
[fade.gif]
[index.html]
[sphinx.org.au/templates/protostar/favicon.ico]
[sphinx.org.au/templates/protostar/css/template8374.css]
[sphinx.org.au/index7b17.html]
[sphinx.org.au/indexc0d0.html]
[sphinx.org.au/media/jui/js/jquery.min8374.js]
[sphinx.org.au/media/jui/js/jquery-noconflict8374.js]
[sphinx.org.au/media/jui/js/jquery-migrate.min8374.js]
[sphinx.org.au/media/system/js/caption8374.js]
[sphinx.org.au/media/jui/js/bootstrap.min8374.js]
[sphinx.org.au/templates/protostar/js/template8374.js]
[sphinx.org.au/images/logo.png]
[sphinx.org.au/2-uncategorised/41-welcome.html]
[sphinx.org.au/images/logos/uom-mspgh.png]
[sphinx.org.au/the-ark.html]
[sphinx.org.au/index.html]
[fonts.googleapis.com/cssd2d5.css]
[sphinx.org.au/media/system/images/arrow.png]
[sphinx.org.au/2-uncategorised.html]
[sphinx.org.au/2-uncategorised/41-welcome.html]
[sphinx.org.au/images/ark/Study-details.png]
[sphinx.org.au/the-ark/overview.html]
[sphinx.org.au/the-ark/try-it.html]
[sphinx.org.au/the-ark/documentation.html]
[sphinx.org.au/the-ark/for-system-administrators.html]
[sphinx.org.au/the-ark/for-programmers.html]
[sphinx.org.au/the-ark/spark.html]
[sphinx.org.au/the-ark/publications.html]
[sphinx.org.au/the-ark/acknowledgements.html]
[sphinx.org.au/the-ark.html]
[sphinx.org.au/the-ark/contact-us.html]
[sphinx.org.au/2-uncategorisedc0d0]
[sphinx.org.au/2-uncategorised7b17]
[sphinx.org.au/2-uncategorised.html]
[sphinx.org.au/the-ark/overviewc0d0]
[sphinx.org.au/the-ark/overview7b17]
[sphinx.org.au/media/com_phocagallery/css/main/phocagallery.css]
[sphinx.org.au/media/com_phocagallery/css/main/rating.css]
[sphinx.org.au/media/com_phocagallery/css/custom/default.css]
[sphinx.org.au/media/system/css/modal8374.css]
[sphinx.org.au/media/com_phocagallery/js/slimbox/css/slimbox2.css]
[sphinx.org.au/media/system/js/mootools-core8374.js]
[sphinx.org.au/media/system/js/core8374.js]
[sphinx.org.au/media/system/js/mootools-more8374.js]
[sphinx.org.au/media/system/js/modal8374.js]
[sphinx.org.au/media/com_phocagallery/js/slimbox/js/slimbox2.js]
[sphinx.org.au/the-ark/overview/24-capabilities.html]
[sphinx.org.au/the-ark/overview/25-example-research-users.html]
[sphinx.org.au/the-ark/overview/23-screenshots.html]
[sphinx.org.au/images/phocagallery/screenshots/thumbs/phoca_thumb_l_the-ark-extraction-filters.png]
[sphinx.org.au/images/phocagallery/screenshots/thumbs/phoca_thumb_m_the-ark-extraction-filters.png]
[sphinx.org.au/images/phocagallery/screenshots/thumbs/phoca_thumb_l_the-ark-extraction-list.png]
[sphinx.org.au/images/phocagallery/screenshots/thumbs/phoca_thumb_m_the-ark-extraction-list.png]
[sphinx.org.au/images/phocagallery/screenshots/thumbs/phoca_thumb_l_the-ark-extraction-setup.png]
[sphinx.org.au/images/phocagallery/screenshots/thumbs/phoca_thumb_m_the-ark-extraction-setup.png]
[sphinx.org.au/images/phocagallery/screenshots/thumbs/phoca_thumb_l_the-ark-global-biospecimen-search.png]
[sphinx.org.au/images/phocagallery/screenshots/thumbs/phoca_thumb_m_the-ark-global-biospecimen-search.png]
[sphinx.org.au/images/phocagallery/screenshots/thumbs/phoca_thumb_l_the-ark-lims-inventory.png]
[sphinx.org.au/images/phocagallery/screenshots/thumbs/phoca_thumb_m_the-ark-lims-inventory.png]
[sphinx.org.au/images/phocagallery/screenshots/thumbs/phoca_thumb_l_the-ark-login.png]
[sphinx.org.au/images/phocagallery/screenshots/thumbs/phoca_thumb_m_the-ark-login.png]
[sphinx.org.au/images/phocagallery/screenshots/thumbs/phoca_thumb_l_the-ark-pedigree-visualisation.png]
[sphinx.org.au/images/phocagallery/screenshots/thumbs/phoca_thumb_m_the-ark-pedigree-visualisation.png]
[sphinx.org.au/images/phocagallery/screenshots/thumbs/phoca_thumb_l_the-ark-reports.png]
[sphinx.org.au/images/phocagallery/screenshots/thumbs/phoca_thumb_m_the-ark-reports.png]
[sphinx.org.au/images/phocagallery/screenshots/thumbs/phoca_thumb_l_the-ark-study-data-upload.png]
[sphinx.org.au/images/phocagallery/screenshots/thumbs/phoca_thumb_m_the-ark-study-data-upload.png]
[sphinx.org.au/images/phocagallery/screenshots/thumbs/phoca_thumb_l_the-ark-study-details.png]
[sphinx.org.au/images/phocagallery/screenshots/thumbs/phoca_thumb_m_the-ark-study-details.png]
[sphinx.org.au/images/phocagallery/screenshots/thumbs/phoca_thumb_l_the-ark-subject-attachment.png]
[sphinx.org.au/images/phocagallery/screenshots/thumbs/phoca_thumb_m_the-ark-subject-attachment.png]
[sphinx.org.au/images/phocagallery/screenshots/thumbs/phoca_thumb_l_the-ark-subject-biospecimen-search.png]
[sphinx.org.au/images/phocagallery/screenshots/thumbs/phoca_thumb_m_the-ark-subject-biospecimen-search.png]
[sphinx.org.au/images/phocagallery/screenshots/thumbs/phoca_thumb_l_the-ark-subject-consent.png]
[sphinx.org.au/images/phocagallery/screenshots/thumbs/phoca_thumb_m_the-ark-subject-consent.png]
[sphinx.org.au/images/phocagallery/screenshots/thumbs/phoca_thumb_l_the-ark-subject-contact.png]
[sphinx.org.au/images/phocagallery/screenshots/thumbs/phoca_thumb_m_the-ark-subject-contact.png]
[sphinx.org.au/images/phocagallery/screenshots/thumbs/phoca_thumb_l_the-ark-subject-correspondence.png]
[sphinx.org.au/images/phocagallery/screenshots/thumbs/phoca_thumb_m_the-ark-subject-correspondence.png]
[sphinx.org.au/images/phocagallery/screenshots/thumbs/phoca_thumb_l_the-ark-subject-custom-field-categories.png]
[sphinx.org.au/images/phocagallery/screenshots/thumbs/phoca_thumb_m_the-ark-subject-custom-field-categories.png]
[sphinx.org.au/images/phocagallery/screenshots/thumbs/phoca_thumb_l_the-ark-subject-custom-field-data.png]
[sphinx.org.au/images/phocagallery/screenshots/thumbs/phoca_thumb_m_the-ark-subject-custom-field-data.png]
[sphinx.org.au/images/phocagallery/screenshots/thumbs/phoca_thumb_l_the-ark-subject-custom-fields.png]
[sphinx.org.au/images/phocagallery/screenshots/thumbs/phoca_thumb_m_the-ark-subject-custom-fields.png]
[sphinx.org.au/images/phocagallery/screenshots/thumbs/phoca_thumb_l_the-ark-subject-details.png]
[sphinx.org.au/images/phocagallery/screenshots/thumbs/phoca_thumb_m_the-ark-subject-details.png]
[sphinx.org.au/images/phocagallery/screenshots/thumbs/phoca_thumb_l_the-ark-subject-lims.png]
[sphinx.org.au/images/phocagallery/screenshots/thumbs/phoca_thumb_m_the-ark-subject-lims.png]
[sphinx.org.au/images/phocagallery/screenshots/thumbs/phoca_thumb_l_the-ark-subject-list.png]
[sphinx.org.au/images/phocagallery/screenshots/thumbs/phoca_thumb_m_the-ark-subject-list.png]
[sphinx.org.au/images/phocagallery/screenshots/thumbs/phoca_thumb_l_the-ark-work-tracking-billable-item-type.png]
[sphinx.org.au/images/phocagallery/screenshots/thumbs/phoca_thumb_m_the-ark-work-tracking-billable-item-type.png]
[sphinx.org.au/images/phocagallery/screenshots/thumbs/phoca_thumb_l_the-ark-work-tracking-billable-item.png]
[sphinx.org.au/images/phocagallery/screenshots/thumbs/phoca_thumb_m_the-ark-work-tracking-billable-item.png]
[sphinx.org.au/images/phocagallery/screenshots/thumbs/phoca_thumb_l_the-ark-work-tracking-request.png]
[sphinx.org.au/images/phocagallery/screenshots/thumbs/phoca_thumb_m_the-ark-work-tracking-request.png]
[sphinx.org.au/images/phocagallery/screenshots/thumbs/phoca_thumb_l_the-ark-work-tracking-researcher.png]
[sphinx.org.au/images/phocagallery/screenshots/thumbs/phoca_thumb_m_the-ark-work-tracking-researcher.png]
[sphinx.org.au/the-ark/overview.html]
[sphinx.org.au/the-ark/try-itc0d0]
[sphinx.org.au/the-ark/try-it7b17]
[sphinx.org.au/the-ark/try-it/3-preface.html]
[sphinx.org.au/the-ark/try-it/6-try-the-public-demonstration.html]
[sphinx.org.au/the-ark/try-it/18-setup-virtual-machine.html]
[sphinx.org.au/the-ark/try-it/2-start-using-the-ark.html]
[sphinx.org.au/images/ark/The-Ark-VirtualBox.png]
[sphinx.org.au/the-ark/try-it.html]
[sphinx.org.au/images/docs/The Ark - Quick Start Guide.docx]
[sphinx.org.au/images/docs/The Ark - Quick Start Guide.pdf]
[sphinx.org.au/images/docs/the-ark-docs.zip]
[sphinx.org.au/images/docs/The Ark Documentation - Admin Guide.pdf]
[sphinx.org.au/images/docs/The Ark Documentation - Manage Users.pdf]
[sphinx.org.au/images/docs/The Ark Documentation - Study Details Page - new study.pdf]
[sphinx.org.au/images/docs/The Ark Documentation - Study Details Page - update.pdf]
[sphinx.org.au/images/docs/The Ark Documentation - Study Components.pdf]
[sphinx.org.au/images/docs/The Ark Documentation - Subject Uploader - New.pdf]
[sphinx.org.au/images/docs/The Ark Documentation - Subject Uploader - Update.pdf]
[sphinx.org.au/images/docs/The Ark Documentation - SubjectCustomFieldUploader - New.pdf]
[sphinx.org.au/images/docs/The Ark Documentation - SubjectCustomFieldUploader - Updating.pdf]
[sphinx.org.au/images/docs/The Ark Documentation - Reports.pdf]
[sphinx.org.au/images/docs/The Ark Documentation - SearchExistingSubject.pdf]
[sphinx.org.au/images/docs/The Ark Documentation - AddNewSubject.pdf]
[sphinx.org.au/images/docs/The Ark Documentation - AddNewSubject StudySpecificDemoData.pdf]
[sphinx.org.au/images/docs/The Ark Documentation - AddNewSubjectContact.pdf]
[sphinx.org.au/images/docs/The Ark Documentation - AddNewSubjectAttachment.pdf]
[sphinx.org.au/images/docs/The Ark Documentation - AddNewSubjectConsent.pdf]
[sphinx.org.au/images/docs/The Ark Documentation - AddNewSubjectCorrespondence.pdf]
[sphinx.org.au/images/docs/The Ark Documentation - AddNewSubjectClinicalData.pdf]
[sphinx.org.au/images/docs/The Ark Documentation - AddNewSubjectBiospecimen.pdf]
[sphinx.org.au/images/docs/The Ark Documentation - AddNewSubjectBiospecimenSearch.pdf]
[sphinx.org.au/images/docs/The Ark Documentation - AddNewSubjectPedigree.pdf]
[sphinx.org.au/images/docs/The Ark Documentation - Data Dictionary.pdf]
[sphinx.org.au/images/docs/The Ark Documentation - Data Dictionary Upload.pdf]
[sphinx.org.au/images/docs/The Ark Documentation - Dataset Definition.pdf]
[sphinx.org.au/images/docs/The Ark Documentation - Dataset Data Upload.pdf]
[sphinx.org.au/images/docs/The Ark Documentation - LIMSInventory.pdf]
[sphinx.org.au/images/docs/The Ark Documentation - LIMSCollectionCustomFields.pdf]
[sphinx.org.au/images/docs/The Ark Documentation - LIMSBiospecimenCustomFields.pdf]
[sphinx.org.au/images/docs/The Ark Documentation - LIMSBarcodeLabels.pdf]
[sphinx.org.au/images/docs/The Ark Documentation - LIMSBiospecimenUpload.pdf]
[sphinx.org.au/images/docs/The Ark Documentation - Work Tracking - Researcher.pdf]
[sphinx.org.au/images/docs/The Ark Documentation - Work Tracking - Billable Item Type.pdf]
[sphinx.org.au/images/docs/The Ark Documentation - Work Tracking - Work Request.pdf]
[sphinx.org.au/images/docs/The Ark Documentation - Work Tracking - Billable Item.pdf]
[sphinx.org.au/images/docs/The-Ark-Documentation---Genomics---Microservice.pdf]
[sphinx.org.au/images/docs/The-Ark-Documentation---Genomics---Datacentre.pdf]
[sphinx.org.au/images/docs/The-Ark-Documentation---Genomics---Computation.pdf]
[sphinx.org.au/images/docs/The-Ark-Documentation---Genomics---Analysis.pdf]
[sphinx.org.au/the-ark/documentation.html]
[sphinx.org.au/the-ark/for-system-administrators.html]
[sphinx.org.au/the-ark/for-programmersc0d0]
[sphinx.org.au/the-ark/for-programmers7b17]
[sphinx.org.au/the-ark/for-programmers/19-get-the-source-code.html]
[sphinx.org.au/the-ark/for-programmers/17-vagrant.html]
[sphinx.org.au/the-ark/for-programmers/9-build-the-ark-using-docker.html]
[sphinx.org.au/the-ark/for-programmers/web-services.html]
[sphinx.org.au/the-ark/for-programmers.html]
[sphinx.org.au/images/ark/SPARK.png]
[sphinx.org.au/images/ark/SPARK_Genemappers_48x36.pdf]
[sphinx.org.au/the-ark/spark.html]
[sphinx.org.au/the-ark/publications.html]
[sphinx.org.au/the-ark/acknowledgementsc0d0]
[sphinx.org.au/the-ark/acknowledgements7b17]
[sphinx.org.au/the-ark/acknowledgements/22-acknowledgements.html]
[sphinx.org.au/the-ark/acknowledgements/21-to-acknowledge-the-ark.html]
[sphinx.org.au/the-ark/acknowledgements.html]
[sphinx.org.au/the-ark/contact-us.html]
[sphinx.org.au/the-ark/overview/24-capabilities.html]
[sphinx.org.au/the-ark/overview/25-example-research-users.html]
[sphinx.org.au/the-ark/overview/23-screenshots.html]
[sphinx.org.au/the-ark/try-it/3-preface.html]
[sphinx.org.au/the-ark/try-it/6-try-the-public-demonstration.html]
[sphinx.org.au/the-ark/try-it/18-setup-virtual-machine.html]
[sphinx.org.au/the-ark/try-it/2-start-using-the-ark.html]
[sphinx.org.au/the-ark/for-programmers/19-get-the-source-code.html]
[sphinx.org.au/the-ark/for-programmers/17-vagrant.html]
[sphinx.org.au/the-ark/for-programmers/9-build-the-ark-using-docker.html]
[sphinx.org.au/the-ark/contact-us/16-the-ark/overview/29-get-the-source-code.html]
[sphinx.org.au/the-ark/for-programmers/web-servicesc0d0]
[sphinx.org.au/the-ark/for-programmers/web-services7b17]
[sphinx.org.au/the-ark/for-programmers/web-services/5-web-services.html]
[sphinx.org.au/the-ark/for-programmers/web-services/1-demonstration-client.html]
[sphinx.org.au/the-ark/for-programmers/web-services/4-service-call-specifications.html]
[sphinx.org.au/images/ark/ark-web-services.png]
[sphinx.org.au/the-ark/for-programmers/web-services.html]
[sphinx.org.au/the-ark/acknowledgements/22-acknowledgements.html]
[sphinx.org.au/the-ark/acknowledgements/21-to-acknowledge-the-ark.html]
[sphinx.org.au/the-ark/for-programmers/web-services/5-web-services.html]
[sphinx.org.au/the-ark/for-programmers/web-services/1-demonstration-client.html]
[sphinx.org.au/the-ark/for-programmers/web-services/4-service-call-specifications.html]
[sphinx.org.au/media/jui/fonts/IcoMoon.eot]
[sphinx.org.au/media/system/js/mootools-more8374.js]
[sphinx.org.au/media/jui/fonts/IcoMoond41d.eot]
[sphinx.org.au/media/jui/fonts/IcoMoon.woff]
[sphinx.org.au/media/jui/fonts/IcoMoon.ttf]
[sphinx.org.au/templates/protostar/css/template8374.css]
[sphinx.org.au/the-ark/overview.html]
[sphinx.org.au/media/com_phocagallery/images/icon-info.png]
[sphinx.org.au/media/com_phocagallery/images/ytb_play.png]
[sphinx.org.au/media/com_phocagallery/images/ytb_play_active.png]
[sphinx.org.au/media/com_phocagallery/css/main/phocagallery.css]
[sphinx.org.au/media/com_phocagallery/images/icon-voting.png]
[sphinx.org.au/media/com_phocagallery/images/icon-voting-small.png]
[sphinx.org.au/media/com_phocagallery/css/main/rating.css]
[sphinx.org.au/media/com_phocagallery/images/icon-folder-small.png]
[sphinx.org.au/media/com_phocagallery/images/icon-up-small.png]
[sphinx.org.au/media/com_phocagallery/css/custom/default.css]
[sphinx.org.au/the-ark/for-programmers7b17]
[sphinx.org.au/the-ark/for-programmers/web-services7b17]
[sphinx.org.au/media/system/images/modal/closebox.png]
[sphinx.org.au/media/system/images/modal/spinner.gif]
[sphinx.org.au/media/system/images/modal/bg_n.png]
[sphinx.org.au/media/system/images/modal/bg_ne.png]
[sphinx.org.au/media/system/images/modal/bg_e.png]
[sphinx.org.au/media/system/images/modal/bg_se.png]
[sphinx.org.au/media/system/images/modal/bg_s.png]
[sphinx.org.au/media/system/images/modal/bg_sw.png]
[sphinx.org.au/media/system/images/modal/bg_w.png]
[sphinx.org.au/media/system/images/modal/bg_nw.png]
[sphinx.org.au/media/system/css/modal8374.css]
[sphinx.org.au/media/com_phocagallery/js/slimbox/css/loading.gif]
[sphinx.org.au/media/com_phocagallery/js/slimbox/css/prevlabel.gif]
[sphinx.org.au/media/com_phocagallery/js/slimbox/css/nextlabel.gif]
[sphinx.org.au/media/com_phocagallery/js/slimbox/css/closelabel.gif]
[sphinx.org.au/media/com_phocagallery/js/slimbox/css/slimbox2.css]
[sphinx.org.au/components/com_phocagallery/assets/overlib/overlib_mini.html]
[sphinx.org.au/the-ark/for-programmersc0d0]
[sphinx.org.au/the-ark/for-programmers/19-get-the-source-code.html]
[sphinx.org.au/the-ark/acknowledgementsc0d0]
[sphinx.org.au/the-ark/for-programmers/web-services/5-web-services.html]
[sphinx.org.au/media/jui/fonts/IcoMoon.svg]
